Error: near line xx: near "proc": syntax error
userauth-keystore-api-2.1
User-Add failed: 1
userauth-keystore-api-2.3
User-Edit failed: 23
userauth-keystore-api-2.4
User-Delete failed: 23
userauth-keystore-api-2.5
Authentication failed for user alice
userauth-keystore-api-3.0
t1
userauth-keystore-api-3.1
User-Add failed: 1
userauth-keystore-api-3.2
Authentication failed for user alice
userauth-keystore-api-3.3
User-Edit failed: 23
userauth-keystore-api-3.4
User-Delete failed: 23
userauth-keystore-api-4.1
alice|1
userauth-keystore-api-4.2
1
userauth-keystore-api-4.3
Error: near line xx: user not authenticated
userauth-keystore-api-4.4
userauth-keystore-api-5.1
alice|1
userauth-keystore-api-5.2
1
userauth-keystore-api-5.3
Error: near line xx: access permission denied
userauth-keystore-api-6.1
t1
userauth-keystore-api-6.2
alice|1
userauth-keystore-api-6.3
1
userauth-keystore-api-6.4
Error: near line xx: user not authenticated
userauth-keystore-api-7.1
t1
userauth-keystore-api-7.2
User-Add failed: 23
userauth-keystore-api-8.1
alice|1
bob|0
userauth-keystore-api-8.2
User-Add failed: 1
userauth-keystore-api-8.3
User-Edit failed: 23
userauth-keystore-api-8.4
User-Delete failed: 23
userauth-keystore-api-8.5
userauth-keystore-api-8.6
alice|1
bob|0
cindy|0
userauth-keystore-api-8.7
userauth-keystore-api-8.8
alice|1
cindy|0
userauth-keystore-api-9.1
alice|1
bob|0
userauth-keystore-api-9.2
userauth-keystore-api-9.3
1
userauth-keystore-api-9.4
Authentication failed for user alice
userauth-keystore-api-9.5
0
userauth-keystore-api-9.6
userauth-keystore-api-9.7
1
userauth-keystore-api-9.8
User-Add failed: 1
userauth-keystore-api-9.9
User-Edit failed: 1
userauth-keystore-api-9.10
User-Delete failed: 1
userauth-keystore-api-10.1
alice|1
bob|0
userauth-keystore-api-10.2
1
userauth-keystore-api-10.3
userauth-keystore-api-10.4
userauth-keystore-api-10.5
userauth-keystore-api-10.6
0
userauth-keystore-api-10.7
userauth-keystore-api-10.8
Authentication failed for user alice
userauth-keystore-api-10.9
alice|1
userauth-keystore-api-10.10
0
userauth-keystore-api-10.11
0
userauth-keystore-api-10.12
Authentication failed for user alice
userauth-keystore-api-10.13
alice|1
userauth-keystore-api-10.14
1
userauth-keystore-api-10.15
alice|1
bob|0
userauth-keystore-api-10.16
0
userauth-keystore-api-10.17
userauth-keystore-api-10.18
0
userauth-keystore-api-10.19
alice|1
userauth-keystore-api-10.20
0
userauth-keystore-api-10.21
alice|1
userauth-keystore-api-10.22
1
userauth-keystore-api-10.23
1
userauth-keystore-api-10.24
0
userauth-keystore-api-10.25
userauth-keystore-api-11.1
alice|1
userauth-keystore-api-11.2
1
userauth-keystore-api-11.3
Authentication failed for user alice
userauth-keystore-api-12.1
alice|1
userauth-keystore-api-12.2
1
userauth-keystore-api-12.3
Authentication failed for user non_exist_user
userauth-keystore-api-12.4
alice|1
userauth-keystore-api-12.5
userauth-keystore-api-12.6
userauth-keystore-api-12.7
Authentication failed for user alice
userauth-keystore-api-13.1
alice|1
bob|0
userauth-keystore-api-13.2
1
userauth-keystore-api-13.3
userauth-keystore-api-13.4
User-Add failed: 1
userauth-keystore-api-13.5
User-Edit failed: 1
userauth-keystore-api-13.6
User-Delete failed: 1
