This file contains any messages produced by compilers while
running configure, to aid debugging if configure makes a mistake.

It was created by configure, which was
generated by GNU Autoconf 2.59.  Invocation command line was

  $ ./configure --host=aarch64-linux CFLAGS=-Os -pipe -march=armv8-a+crc+crypto -mcpu=cortex-a53+crc+crypto -mtune=cortex-a53 -fno-caller-saves -fno-plt -ffast-math -funsafe-math-optimizations -fcommon -ftree-vectorize -Wl,-z,max-page-size=4096 -D_LARGEFILE64_SOURCE -D_FILE_OFFSET_BITS=64 -fno-unwind-tables -fno-asynchronous-unwind-tables -DNDEBUG -Wno-unused-variable -Wno-unused-parameter -Wno-unused-function -Wno-unused-but-set-variable -std=gnu17 -DNEED_PRINTF --prefix=/usr

## --------- ##
## Platform. ##
## --------- ##

hostname = linux.shellfast
uname -m = x86_64
uname -r = 6.19.11-lp156.7.gda58040-default
uname -s = Linux
uname -v = #1 SMP PREEMPT_DYNAMIC Sat Apr 11 02:45:54 UTC 2026 (da58040)

/usr/bin/uname -p = x86_64
/bin/uname -X     = unknown

/bin/arch              = x86_64
/usr/bin/arch -k       = unknown
/usr/convex/getsysinfo = unknown
hostinfo               = unknown
/bin/machine           = unknown
/usr/bin/oslevel       = unknown
/bin/universe          = unknown

PATH: /xfs/toolchains/toolchain-aarch64_cortex-a53_gcc-16.1.0_musl/bin
PATH: /root/.cargo/bin
PATH: /sbin
PATH: /usr/sbin
PATH: /usr/local/sbin
PATH: /root/.local/bin
PATH: /root/bin
PATH: /usr/local/bin
PATH: /usr/bin
PATH: /bin
PATH: /usr/games
PATH: /opt/kde3/bin
PATH: /opt/cross/bin


## ----------- ##
## Core tests. ##
## ----------- ##

configure:1161: loading site script /usr/share/site/x86_64-pc-linux-gnu
| #!/bin/sh
| # Site script for configure. It is resourced via $CONFIG_SITE environment varaible.
| 
| # If user did not specify libdir, guess the correct target:
| # Use lib64 for 64 bit bi-arch targets, keep the default for the rest.
| if test "$libdir" = '${exec_prefix}/lib' ; then
| 
| 	ac_config_site_64bit_host=NONE
| 
| 	case "$host" in
| 	"" )
| 		# User did not specify host target.
| 		# The native platform x86_64 is a bi-arch platform.
| 		# Try to detect cross-compilation to inferior architecture.
| 
| 		# We are trying to guess 32-bit target compilation. It's not as easy as
| 		# it sounds, as there is possible several intermediate combinations.
| 		ac_config_site_cross_to_32bit_host=NONE
| 
| 		# User defined -m32 in CFLAGS or CXXFLAGS or CC or CXX:
| 		# (It's sufficient for 32-bit, but alone may cause mis-behavior of some checks.)
| 		case "$CFLAGS $CXXFLAGS $CC $CXX" in
| 		*-m32*)
| 			ac_config_site_cross_to_32bit_host=YES
| 			;;
| 		esac
| 
| 		# Running with linux32:
| 		# (Changes detected platform, but not the toolchain target.)
| 		case "`/bin/uname -i`" in
| 		x86_64 | ppc64 | s390x | aarch64 )
| 			;;
| 		* )
| 			ac_config_site_cross_to_32bit_host=YES
| 			;;
| 		esac
| 
| 		if test "x$ac_config_site_cross_to_32bit_host" = xNONE; then
| 			ac_config_site_64bit_host=YES
| 		fi
| 
| 		;;
| 	*x86_64* | *ppc64* | *s390x* | *aarch64* )
| 		ac_config_site_64bit_host=YES
| 		;;
| 	esac
| 
| 	if test "x$ac_config_site_64bit_host" = xYES; then
| 		libdir='${exec_prefix}/lib64'
| 	fi
| fi
| 
| # Continue with the standard behavior of configure defined in AC_SITE_LOAD:
| if test "x$prefix" != xNONE; then
| 	ac_site_files="$prefix/share/config.site $prefix/etc/config.site"
| else
| 	ac_site_files="$ac_default_prefix/share/config.site $ac_default_prefix/etc/config.site"
| fi
| 
| for ac_site_file in $ac_site_files
| do
| 	case $ac_site_file in #(
| 	*/*) :
| 		 ;; #(
| 	*) :
| 		ac_site_file=./$ac_site_file ;;
| esac
| 	if test -f "$ac_site_file" && test -r "$ac_site_file"; then
| 		{ printf "%s\n" "/usr/share/site/x86_64-pc-linux-gnu:${as_lineno-$LINENO}: loading site script $ac_site_file" >&5
| printf "%s\n" "/usr/share/site/x86_64-pc-linux-gnu: loading site script $ac_site_file" >&6;}
| 		sed 's/^/| /' "$ac_site_file" >&5
| 		. "$ac_site_file" \
| 			|| { { printf "%s\n" "/usr/share/site/x86_64-pc-linux-gnu:${as_lineno-$LINENO}: error: in '$ac_pwd':" >&5
| printf "%s\n" "/usr/share/site/x86_64-pc-linux-gnu: error: in '$ac_pwd':" >&2;}
| as_fn_error $? "failed to load site script $ac_site_file
| See 'config.log' for more details" "$LINENO" 5; }
| 	fi
| done
configure:1299: checking for a BSD-compatible install
configure:1354: result: /usr/bin/install -c
configure:1365: checking whether build environment is sane
configure:1408: result: yes
configure:1473: checking for gawk
configure:1489: found /usr/bin/gawk
configure:1499: result: gawk
configure:1509: checking whether make -j 8 sets $(MAKE)
configure:1529: result: yes
configure:1605: checking for aarch64-linux-strip
configure:1631: result: aarch64-linux-uclibc-strip
configure:1705: checking for aarch64-linux-gcc
configure:1731: result: ccache aarch64-linux-uclibc-gcc
configure:2013: checking for C compiler version
configure:2016: ccache aarch64-linux-uclibc-gcc --version </dev/null >&5
aarch64-linux-uclibc-gcc (OpenWrt GCC 16.1.0 r34209+20-4ca22b16e8) 16.1.0
Copyright (C) 2026 Free Software Foundation, Inc.
This is free software; see the source for copying conditions.  There is NO
warranty; not even for MERCHANTABILITY or FITNESS FOR A PARTICULAR PURPOSE.

configure:2019: $? = 0
configure:2021: ccache aarch64-linux-uclibc-gcc -v </dev/null >&5
Using built-in specs.
COLLECT_GCC=/xfs/toolchains/toolchain-aarch64_cortex-a53_gcc-16.1.0_musl/bin/aarch64-linux-uclibc-gcc
COLLECT_LTO_WRAPPER=/home/xfs/toolchains/toolchain-aarch64_cortex-a53_gcc-16.1.0_musl/bin/../libexec/gcc/aarch64-openwrt-linux-musl/16.1.0/lto-wrapper
Target: aarch64-openwrt-linux-musl
Configured with: /home/xfs/openwrt/lede/openwrt/build_dir/toolchain-aarch64_cortex-a53_gcc-16.1.0_musl/gcc-16.1.0/configure --with-bugurl=http://bugs.openwrt.org/ --with-pkgversion='OpenWrt GCC 16.1.0 r34209+20-4ca22b16e8' --prefix=/home/xfs/openwrt/lede/openwrt/staging_dir/toolchain-aarch64_cortex-a53_gcc-16.1.0_musl --build=x86_64-pc-linux-gnu --host=x86_64-pc-linux-gnu --target=aarch64-openwrt-linux-musl --with-gnu-ld --enable-target-optspace --disable-libgomp --disable-libmudflap --disable-multilib --disable-libmpx --disable-nls --disable-libssp --without-isl --without-cloog --with-host-libstdcxx=-lstdc++ --with-system-zlib=/home/xfs/openwrt/lede/openwrt/staging_dir/host --with-zstd=/home/xfs/openwrt/lede/openwrt/staging_dir/host --with-gmp=/home/xfs/openwrt/lede/openwrt/staging_dir/host --with-mpfr=/home/xfs/openwrt/lede/openwrt/staging_dir/host --with-mpc=/home/xfs/openwrt/lede/openwrt/staging_dir/host --disable-decimal-float --with-diagnostics-color=auto-if-env --enable-__cxa_atexit --enable-libstdcxx-dual-abi --with-default-libstdcxx-abi=new CFLAGS='-O2 -I/home/xfs/openwrt/lede/openwrt/staging_dir/host/include -pipe' CXXFLAGS='-O2 -I/home/xfs/openwrt/lede/openwrt/staging_dir/host/include -pipe' 'CFLAGS_FOR_TARGET=-Os -pipe -mcpu=cortex-a53 -fno-caller-saves -fno-plt -fhonour-copts -Wl,-z,now -Wl,-z,relro -Wl,-z,pack-relative-relocs' 'CXXFLAGS_FOR_TARGET=-Os -pipe -mcpu=cortex-a53 -fno-caller-saves -fno-plt -fhonour-copts -Wl,-z,now -Wl,-z,relro -Wl,-z,pack-relative-relocs' 'GOCFLAGS_FOR_TARGET=-Os -pipe -mcpu=cortex-a53 -fno-caller-saves -fno-plt -fhonour-copts -Wl,-z,now -Wl,-z,relro -Wl,-z,pack-relative-relocs' --with-headers=/home/xfs/openwrt/lede/openwrt/staging_dir/toolchain-aarch64_cortex-a53_gcc-16.1.0_musl/include --enable-languages=c,c++ --enable-shared --enable-threads --with-slibdir=/home/xfs/openwrt/lede/openwrt/staging_dir/toolchain-aarch64_cortex-a53_gcc-16.1.0_musl/lib --enable-plugins --enable-lto --with-libelf=/home/xfs/openwrt/lede/openwrt/staging_dir/host --disable-libsanitizer
Thread model: posix
Supported LTO compression algorithms: zlib zstd
gcc version 16.1.0 (OpenWrt GCC 16.1.0 r34209+20-4ca22b16e8) 
configure:2024: $? = 0
configure:2026: ccache aarch64-linux-uclibc-gcc -V </dev/null >&5
aarch64-linux-uclibc-gcc: error: unrecognized command-line option '-V'
aarch64-linux-uclibc-gcc: fatal error: no input files
compilation terminated.
configure:2029: $? = 1
configure:2052: checking for C compiler default output file name
configure:2055: ccache aarch64-linux-uclibc-gcc -Os -pipe -march=armv8-a+crc+crypto -mcpu=cortex-a53+crc+crypto -mtune=cortex-a53 -fno-caller-saves -fno-plt -ffast-math -funsafe-math-optimizations -fcommon -ftree-vectorize -Wl,-z,max-page-size=4096 -D_LARGEFILE64_SOURCE -D_FILE_OFFSET_BITS=64 -fno-unwind-tables -fno-asynchronous-unwind-tables -DNDEBUG -Wno-unused-variable -Wno-unused-parameter -Wno-unused-function -Wno-unused-but-set-variable -std=gnu17 -DNEED_PRINTF   conftest.c  >&5
configure:2058: $? = 0
configure:2104: result: a.out
configure:2109: checking whether the C compiler works
configure:2115: ./a.out
./configure: line 2116: ./a.out: cannot execute binary file: Exec format error
configure:2118: $? = 126
configure:2135: result: yes
configure:2142: checking whether we are cross compiling
configure:2144: result: yes
configure:2147: checking for suffix of executables
configure:2149: ccache aarch64-linux-uclibc-gcc -o conftest -Os -pipe -march=armv8-a+crc+crypto -mcpu=cortex-a53+crc+crypto -mtune=cortex-a53 -fno-caller-saves -fno-plt -ffast-math -funsafe-math-optimizations -fcommon -ftree-vectorize -Wl,-z,max-page-size=4096 -D_LARGEFILE64_SOURCE -D_FILE_OFFSET_BITS=64 -fno-unwind-tables -fno-asynchronous-unwind-tables -DNDEBUG -Wno-unused-variable -Wno-unused-parameter -Wno-unused-function -Wno-unused-but-set-variable -std=gnu17 -DNEED_PRINTF   conftest.c  >&5
configure:2152: $? = 0
configure:2177: result: 
configure:2183: checking for suffix of object files
configure:2204: ccache aarch64-linux-uclibc-gcc -c -Os -pipe -march=armv8-a+crc+crypto -mcpu=cortex-a53+crc+crypto -mtune=cortex-a53 -fno-caller-saves -fno-plt -ffast-math -funsafe-math-optimizations -fcommon -ftree-vectorize -Wl,-z,max-page-size=4096 -D_LARGEFILE64_SOURCE -D_FILE_OFFSET_BITS=64 -fno-unwind-tables -fno-asynchronous-unwind-tables -DNDEBUG -Wno-unused-variable -Wno-unused-parameter -Wno-unused-function -Wno-unused-but-set-variable -std=gnu17 -DNEED_PRINTF  conftest.c >&5
configure:2207: $? = 0
configure:2229: result: o
configure:2233: checking whether we are using the GNU C compiler
configure:2257: ccache aarch64-linux-uclibc-gcc -c -Os -pipe -march=armv8-a+crc+crypto -mcpu=cortex-a53+crc+crypto -mtune=cortex-a53 -fno-caller-saves -fno-plt -ffast-math -funsafe-math-optimizations -fcommon -ftree-vectorize -Wl,-z,max-page-size=4096 -D_LARGEFILE64_SOURCE -D_FILE_OFFSET_BITS=64 -fno-unwind-tables -fno-asynchronous-unwind-tables -DNDEBUG -Wno-unused-variable -Wno-unused-parameter -Wno-unused-function -Wno-unused-but-set-variable -std=gnu17 -DNEED_PRINTF  conftest.c >&5
configure:2263: $? = 0
configure:2267: test -z 
			 || test ! -s conftest.err
configure:2270: $? = 0
configure:2273: test -s conftest.o
configure:2276: $? = 0
configure:2289: result: yes
configure:2295: checking whether ccache aarch64-linux-uclibc-gcc accepts -g
configure:2316: ccache aarch64-linux-uclibc-gcc -c -g  conftest.c >&5
configure:2322: $? = 0
configure:2326: test -z 
			 || test ! -s conftest.err
configure:2329: $? = 0
configure:2332: test -s conftest.o
configure:2335: $? = 0
configure:2346: result: yes
configure:2363: checking for ccache aarch64-linux-uclibc-gcc option to accept ANSI C
configure:2433: ccache aarch64-linux-uclibc-gcc  -c -Os -pipe -march=armv8-a+crc+crypto -mcpu=cortex-a53+crc+crypto -mtune=cortex-a53 -fno-caller-saves -fno-plt -ffast-math -funsafe-math-optimizations -fcommon -ftree-vectorize -Wl,-z,max-page-size=4096 -D_LARGEFILE64_SOURCE -D_FILE_OFFSET_BITS=64 -fno-unwind-tables -fno-asynchronous-unwind-tables -DNDEBUG -Wno-unused-variable -Wno-unused-parameter -Wno-unused-function -Wno-unused-but-set-variable -std=gnu17 -DNEED_PRINTF  conftest.c >&5
configure:2439: $? = 0
configure:2443: test -z 
			 || test ! -s conftest.err
configure:2446: $? = 0
configure:2449: test -s conftest.o
configure:2452: $? = 0
configure:2470: result: none needed
configure:2488: ccache aarch64-linux-uclibc-gcc -c -Os -pipe -march=armv8-a+crc+crypto -mcpu=cortex-a53+crc+crypto -mtune=cortex-a53 -fno-caller-saves -fno-plt -ffast-math -funsafe-math-optimizations -fcommon -ftree-vectorize -Wl,-z,max-page-size=4096 -D_LARGEFILE64_SOURCE -D_FILE_OFFSET_BITS=64 -fno-unwind-tables -fno-asynchronous-unwind-tables -DNDEBUG -Wno-unused-variable -Wno-unused-parameter -Wno-unused-function -Wno-unused-but-set-variable -std=gnu17 -DNEED_PRINTF  conftest.c >&5
conftest.c:2:3: error: unknown type name 'choke'
    2 |   choke me
      |   ^~~~~
conftest.c:2:3: error: expected '=', ',', ';', 'asm' or '__attribute__' at end of input
configure:2494: $? = 1
configure: failed program was:
| #ifndef __cplusplus
|   choke me
| #endif
configure:2638: checking for style of include used by make -j 8
configure:2666: result: GNU
configure:2694: checking dependency style of ccache aarch64-linux-uclibc-gcc
configure:2784: result: gcc3
configure:2803: error: cannot run /bin/sh ./config.sub

## ---------------- ##
## Cache variables. ##
## ---------------- ##

ac_cv_c_compiler_gnu=yes
ac_cv_env_CC_set=set
ac_cv_env_CC_value='ccache aarch64-linux-uclibc-gcc'
ac_cv_env_CFLAGS_set=set
ac_cv_env_CFLAGS_value='-Os -pipe -march=armv8-a+crc+crypto -mcpu=cortex-a53+crc+crypto -mtune=cortex-a53 -fno-caller-saves -fno-plt -ffast-math -funsafe-math-optimizations -fcommon -ftree-vectorize -Wl,-z,max-page-size=4096 -D_LARGEFILE64_SOURCE -D_FILE_OFFSET_BITS=64 -fno-unwind-tables -fno-asynchronous-unwind-tables -DNDEBUG -Wno-unused-variable -Wno-unused-parameter -Wno-unused-function -Wno-unused-but-set-variable -std=gnu17 -DNEED_PRINTF'
ac_cv_env_CPPFLAGS_set=
ac_cv_env_CPPFLAGS_value=
ac_cv_env_LDFLAGS_set=
ac_cv_env_LDFLAGS_value=
ac_cv_env_build_alias_set=
ac_cv_env_build_alias_value=
ac_cv_env_host_alias_set=set
ac_cv_env_host_alias_value=aarch64-linux
ac_cv_env_target_alias_set=
ac_cv_env_target_alias_value=
ac_cv_exeext=
ac_cv_func_mmap_fixed_mapped='yes '
ac_cv_func_posix_getgrgid_r=no
ac_cv_func_posix_getpwuid_r=no
ac_cv_lib_rt_clock_gettime=no
ac_cv_objext=o
ac_cv_path_install='/usr/bin/install -c'
ac_cv_prog_AWK=gawk
ac_cv_prog_CC='ccache aarch64-linux-uclibc-gcc'
ac_cv_prog_STRIP=aarch64-linux-uclibc-strip
ac_cv_prog_cc_g=yes
ac_cv_prog_cc_stdc=
ac_cv_prog_make_make_set=yes
am_cv_CC_dependencies_compiler_type=gcc3
glib_cv_stack_grows='no '
glib_cv_uscore='no '

## ----------------- ##
## Output variables. ##
## ----------------- ##

ACLOCAL='${SHELL} /home/seg/DEV/venice/src/router/sercd/missing --run aclocal-1.9'
AMDEPBACKSLASH='\'
AMDEP_FALSE='#'
AMDEP_TRUE=''
AMTAR='${SHELL} /home/seg/DEV/venice/src/router/sercd/missing --run tar'
AUTOCONF='${SHELL} /home/seg/DEV/venice/src/router/sercd/missing --run autoconf'
AUTOHEADER='${SHELL} /home/seg/DEV/venice/src/router/sercd/missing --run autoheader'
AUTOMAKE='${SHELL} /home/seg/DEV/venice/src/router/sercd/missing --run automake-1.9'
AWK='gawk'
CC='ccache aarch64-linux-uclibc-gcc'
CCDEPMODE='depmode=gcc3'
CFLAGS='-Os -pipe -march=armv8-a+crc+crypto -mcpu=cortex-a53+crc+crypto -mtune=cortex-a53 -fno-caller-saves -fno-plt -ffast-math -funsafe-math-optimizations -fcommon -ftree-vectorize -Wl,-z,max-page-size=4096 -D_LARGEFILE64_SOURCE -D_FILE_OFFSET_BITS=64 -fno-unwind-tables -fno-asynchronous-unwind-tables -DNDEBUG -Wno-unused-variable -Wno-unused-parameter -Wno-unused-function -Wno-unused-but-set-variable -std=gnu17 -DNEED_PRINTF'
CPPFLAGS=''
CYGPATH_W='echo'
DEFS=''
DEPDIR='.deps'
ECHO_C=''
ECHO_N='-n'
ECHO_T=''
EXEEXT=''
INSTALL_DATA='${INSTALL} -m 644'
INSTALL_PROGRAM='${INSTALL}'
INSTALL_SCRIPT='${INSTALL}'
INSTALL_STRIP_PROGRAM='${SHELL} $(install_sh) -c -s'
LDFLAGS=''
LIBOBJS=''
LIBS=''
LTLIBOBJS=''
MAKEINFO='${SHELL} /home/seg/DEV/venice/src/router/sercd/missing --run makeinfo'
OBJEXT='o'
OS_IS_WIN32_FALSE=''
OS_IS_WIN32_TRUE=''
PACKAGE='sercd'
PACKAGE_BUGREPORT=''
PACKAGE_NAME=''
PACKAGE_STRING=''
PACKAGE_TARNAME=''
PACKAGE_VERSION=''
PATH_SEPARATOR=':'
SET_MAKE=''
SHELL='/bin/sh'
STRIP='aarch64-linux-uclibc-strip'
VERSION='3.0.0'
ac_ct_CC=''
ac_ct_STRIP=''
am__fastdepCC_FALSE='#'
am__fastdepCC_TRUE=''
am__include='include'
am__leading_dot='.'
am__quote=''
am__tar='${AMTAR} chof - "$$tardir"'
am__untar='${AMTAR} xf -'
bindir='${exec_prefix}/bin'
build=''
build_alias=''
build_cpu=''
build_os=''
build_vendor=''
datadir='${prefix}/share'
exec_prefix='NONE'
host='aarch64-linux'
host_alias='aarch64-linux'
host_cpu=''
host_os=''
host_vendor=''
includedir='${prefix}/include'
infodir='${prefix}/info'
install_sh='/home/seg/DEV/venice/src/router/sercd/install-sh'
libdir='${exec_prefix}/lib64'
libexecdir='${exec_prefix}/libexec'
localstatedir='${prefix}/var'
mandir='${prefix}/man'
mkdir_p='mkdir -p --'
oldincludedir='/usr/include'
prefix='/usr'
program_transform_name='s,x,x,'
sbindir='${exec_prefix}/sbin'
sharedstatedir='${prefix}/com'
sysconfdir='${prefix}/etc'
target_alias=''

## ----------- ##
## confdefs.h. ##
## ----------- ##

#define PACKAGE "sercd"
#define PACKAGE_BUGREPORT ""
#define PACKAGE_NAME ""
#define PACKAGE_STRING ""
#define PACKAGE_TARNAME ""
#define PACKAGE_VERSION ""
#define VERSION "3.0.0"

configure: exit 1
