inet_aton
inet_addr
inet_ntoa_r
inet_ntoa
inet_makeaddr
inet_lnaof
inet_netof
__encode_header
__decode_header
__encode_dotted
__decode_dotted
__length_dotted
__encode_question
__decode_question
__length_question
__encode_answer
__decode_answer
__encode_packet
__decode_packet
__form_query
$LC0
__dns_lookup
$LC1
$LC0
$LC2
$LC3
$LC4
$LC5
__resolv_lock
__open_nameservers
__nameservers
__nameserver
__searchdomains
__searchdomain
__close_nameservers
gethostbyname
__res_init
_res
__res_close
$LC0
__res_query
__res_querydomain
__res_search
gethostbyaddr
$LC1
$LC0
$LC2
__open_etc_hosts
__read_etc_hosts_r
__get_hosts_byname_r
__get_hosts_byaddr_r
gethostbyname2
$LC0
$LC1
$LC2
$LC3
getnameinfo
endhostent
sethostent
gethostent_r
gethostent
gethostbyname_r
gethostbyname2_r
$LC0
$LC1
$LC2
gethostbyaddr_r
__dn_expand
$LC0
__ns_name_ntop
__ns_name_unpack
__ns_name_uncompress
accept
__libc_accept
bind
connect
__libc_connect
getpeername
getsockname
getsockopt
listen
recv
__libc_recv
recvfrom
__libc_recvfrom
recvmsg
__libc_recvmsg
send
__libc_send
sendmsg
__libc_sendmsg
sendto
__libc_sendto
setsockopt
shutdown
socket
socketpair
$LC0
$LC1
$LC2
$LC3
$LC4
setservent
endservent
getservent_r
getservent
getservbyport_r
getservbyport
getservbyname_r
getservbyname
$LC0
$LC1
$LC2
$LC3
setprotoent
endprotoent
getprotoent_r
getprotoent
getprotobyname_r
getprotobyname
getprotobynumber_r
getprotobynumber
$LC0
sethostid
gethostid
$LC0
$LC1
$LC2
setnetent
_net_stayopen
endnetent
getnetent
getnetbyname
getnetbyaddr
inet_network
$LC1
inet_ntop
inet_pton
$LC6
herror
hstrerror
if_nametoindex
if_freenameindex
if_nameindex
if_indextoname
$LC16
gai_strerror
freeaddrinfo
getaddrinfo
in6addr_any
__in6addr_any
in6addr_loopback
__in6addr_loopback
$LC0
ether_aton_r
ether_aton
ether_ntoa_r
ether_ntoa
ntohl
ntohs
htonl
htons
authnone_create
$LC0
$LC1
authunix_create
authunix_create_default
xdr_authunix_parms
bindresvport
$LC0
clnt_create
$LC0
$LC1
$LC2
$LC4
$LC5
$LC3
$LC6
$LC7
clnt_sperrno
clnt_sperror
clnt_perror
clnt_perrno
clnt_spcreateerror
clnt_pcreateerror
$LC0
clntraw_create
callrpc
__rpc_thread_clnt_cleanup
$LC0
clnttcp_create
$LC0
clntudp_bufcreate
clntudp_create
_rpc_dtablesize
$LC0
$LC1
$LC2
get_myaddress
$LC0
setrpcent
endrpcent
getrpcent
getrpcbyname
getrpcbynumber
getrpcport
$LC0
$LC1
$LC2
$LC3
pmap_set
pmap_unset
$LC0
pmap_getmaps
pmap_getport
xdr_pmap
xdr_pmaplist
$LC0
$LC1
$LC2
$LC3
$LC4
$LC5
$LC6
pmap_rmtcall
xdr_rmtcall_args
xdr_rmtcallres
clnt_broadcast
xdr_accepted_reply
xdr_rejected_reply
xdr_opaque_auth
xdr_des_block
xdr_replymsg
xdr_callhdr
_seterr_reply
_null_auth
rpc_createerr
svc_pollfd
svc_max_pollfd
svc_fdset
xdr_callmsg
xprt_register
xprt_unregister
svc_register
svc_unregister
svc_sendreply
svcerr_noproc
svcerr_decode
svcerr_systemerr
svcerr_auth
svcerr_weakauth
svcerr_noprog
svcerr_progvers
svc_getreq_common
svc_getreq_poll
svc_getreqset
svc_getreq
__rpc_thread_svc_cleanup
_authenticate
$LC0
_svcauth_unix
_svcauth_short
svcraw_create
$LC0
svc_exit
svc_run
$LC0
$LC1
$LC2
$LC3
$LC4
$LC5
$LC6
registerrpc
$LC0
$LC1
$LC2
$LC3
svctcp_create
svcfd_create
$LC0
$LC1
$LC2
$LC3
$LC4
$LC5
$LC6
$LC7
$LC8
$LC9
$LC10
svcudp_bufcreate
svcudp_create
svcudp_enablecache
$LC0
$LC1
xdr_free
xdr_void
xdr_long
xdr_int
xdr_u_long
xdr_u_int
xdr_hyper
xdr_u_hyper
xdr_longlong_t
xdr_u_longlong_t
xdr_short
xdr_u_short
xdr_char
xdr_u_char
xdr_bool
xdr_enum
xdr_opaque
xdr_bytes
xdr_netobj
xdr_union
xdr_string
xdr_wrapstring
$LC0
xdr_array
xdr_vector
xdr_float
xdr_double
xdrmem_create
$LC0
xdrrec_create
xdrrec_endofrecord
xdrrec_eof
xdrrec_skiprecord
$LC0
xdr_reference
xdr_pointer
xdrstdio_create
rtime
$LC0
clntunix_create
$LC0
$LC1
$LC2
$LC3
svcunix_create
svcunixfd_create
_create_xid
xdr_int64_t
xdr_uint64_t
xdr_int32_t
xdr_uint32_t
xdr_int16_t
xdr_uint16_t
xdr_int8_t
xdr_uint8_t
$LC0
$LC1
$LC2
$LC3
$LC4
$LC5
$LC6
$LC7
$LC8
$LC9
$LC10
$LC11
$LC12
$LC13
$LC14
$LC15
$LC16
$LC17
$LC18
$LC19
$LC20
$LC21
$LC22
$LC23
$LC24
__check_rhosts_file
rresvport
rcmd
__rcmd_errstr
__ivaliduser
iruserok
ruserok
$LC0
$LC1
$LC2
$LC3
$LC4
$LC5
rexec_af
ahostbuf
rexec
rexecoptions
__libc_sa_len
$LC0
$LC1
$LC2
$LC3
$LC5
$LC8
$LC6
$LC7
$LC4
ruserpass
__rpc_thread_variables
__rpc_thread_destroy
__rpc_thread_svc_fdset
__rpc_thread_createerr
__rpc_thread_svc_pollfd
__rpc_thread_svc_max_pollfd
$LC1
$LC0
__assert
isalnum
isalpha
isascii
iscntrl
isdigit
isgraph
islower
isprint
ispunct
isspace
isupper
isxdigit
toascii
tolower
toupper
isblank
isxlower
isxupper
__ctype_b
__C_ctype_b_data
__C_ctype_b
__ctype_tolower
__C_ctype_tolower_data
__C_ctype_tolower
__ctype_toupper
__C_ctype_toupper_data
__C_ctype_toupper
isctype
alphasort
closedir
dirfd
opendir
readdir
rewinddir
scandir
seekdir
telldir
readdir64
alphasort64
scandir64
readdir_r
readdir64_r
$LC0
$LC1
error
__error
error_at_line
__error_at_line
error_print_progname
error_message_count
error_one_per_line
vwarn
warn
vwarnx
warnx
verr
err
verrx
errx
lockf
lockf64
fnmatch
$LC0
$LC1
ftw
nftw
$LC0
$LC1
ftw64
nftw64
$LC0
$LC1
glob_pattern_p
globfree
glob
$LC0
$LC1
globfree64
glob64
__glob_opendir_hook
__glob_readdir_hook
__glob_closedir_hook
$LC0
$LC1
obstack_exit_failure
obstack_alloc_failed_handler
_obstack_begin
_obstack_begin_1
_obstack_newchunk
_obstack_allocated_p
_obstack_free
obstack_free
_obstack_memory_used
_obstack
$LC0
environ
__environ
__rtld_fini
__app_fini
__progname
__pagesize
__uClibc_init
__uClibc_main
__uClibc_start_main
$LC0
$LC1
$LC2
$LC3
$LC4
$LC5
__path_search
__gen_tempname
errno
_errno
h_errno
_h_errno
__errno_location
__h_errno_location
$LC0
setlocale
localeconv
nl_langinfo
$LC0
$LC1
$LC2
getmntent_r
getmntent
addmntent
hasmntopt
setmntent
endmntent
__libc_internal_tsd_get
__libc_internal_tsd_set
pthread_attr_destroy
pthread_attr_getdetachstate
pthread_attr_getinheritsched
pthread_attr_getschedparam
pthread_attr_getschedpolicy
pthread_attr_getscope
pthread_attr_init
pthread_attr_setdetachstate
pthread_attr_setinheritsched
pthread_attr_setschedparam
pthread_attr_setschedpolicy
pthread_attr_setscope
pthread_cond_broadcast
pthread_cond_destroy
pthread_cond_init
pthread_cond_signal
pthread_cond_timedwait
pthread_cond_wait
pthread_condattr_destroy
pthread_condattr_init
pthread_getschedparam
pthread_mutex_destroy
pthread_mutex_init
pthread_mutex_lock
pthread_mutex_unlock
pthread_self
pthread_setcancelstate
pthread_setcanceltype
pthread_setschedparam
pthread_equal
__pthread_mutex_init
__pthread_mutex_lock
__pthread_mutex_trylock
__pthread_mutex_unlock
pthread_exit
$LC0
$LC1
$LC2
re_max_failures
re_compile_fastmap
re_set_syntax
re_syntax_options
re_set_registers
re_search_2
re_search
re_match
re_match_2
re_compile_pattern
re_comp
re_exec
regcomp
regexec
regerror
regfree
hsearch
hcreate
hdestroy
tsearch
tfind
tdelete
twalk
tdestroy
lfind
lsearch
insque
remque
hcreate_r
hdestroy_r
hsearch_r
fstatfs64
statfs64
$LC1
$LC0
$LC2
$LC4
$LC5
$LC6
$LC7
$LC8
$LC9
$LC10
$LC11
$LC3
statvfs
$LC1
$LC0
$LC2
$LC4
$LC5
$LC6
$LC7
$LC8
$LC9
$LC10
$LC11
$LC3
statvfs64
$LC1
$LC0
$LC2
$LC4
$LC5
$LC6
$LC7
$LC8
$LC9
$LC10
$LC11
$LC3
fstatvfs
$LC1
$LC0
$LC2
$LC4
$LC5
$LC6
$LC7
$LC8
$LC9
$LC10
$LC11
$LC3
fstatvfs64
$LC0
$LC1
$LC2
$LC3
$LC4
$LC5
$LC6
openlog
vsyslog
syslog
closelog
setlogmask
semget
semctl
semop
shmat
shmctl
shmdt
shmget
msgctl
msgget
msgrcv
msgsnd
ftok
adjtime
ftime
asctime
asctime_r
clock
ctime
ctime_r
gmtime
gmtime_r
localtime
localtime_r
timelocal
mktime
$LC0
strftime
strptime
$LC0
_time_tzlock
tzname
timezone
daylight
tzset
_time_tzinfo
_time_t2tm
__time_tm
_time_mktime
dysize
$LC0
timegm
_time_mktime_tzi
__time_localtime_tzi
difftime
wcsftime
$LC0
$LC1
$LC2
$LC3
$LC4
$LC5
setttyent
getttyent
endttyent
getttynam
setutent
endutent
getutent
getutid
getutline
pututline
utmpname
updwtmp
btowc
wctob
mbsinit
mbrlen
__mbrlen
mbrtowc
wcrtomb
mbsrtowcs
wcsrtombs
mbsnrtowcs
__mbsnrtowcs
wcsnrtombs
__wcsnrtombs
wcwidth
wcswidth
iswalnum
iswalpha
iswcntrl
iswdigit
iswgraph
iswlower
iswprint
iswpunct
iswspace
iswupper
iswxdigit
iswblank
wctrans
towctrans
wctype
iswctype
__iswctype
towlower
towupper
fgetpwent_r
fgetgrent_r
fgetpwent
fgetgrent
$LC0
$LC1
getpwnam_r
$LC0
$LC1
getgrnam_r
$LC0
$LC1
getpwuid_r
$LC0
$LC1
getgrgid_r
getpwuid
getgrgid
getpwnam
getgrnam
$LC0
getpw
$LC0
$LC1
setpwent
endpwent
getpwent_r
$LC0
$LC1
setgrent
endgrent
getgrent_r
getpwent
getgrent
$LC0
$LC1
initgroups
$LC0
putpwent
$LC0
putgrent
__parsepwent
__parsegrent
__pgsreader
fgetspent_r
fgetspent
sgetspent_r
$LC0
$LC1
getspnam_r
getspnam
$LC0
$LC1
setspent
endspent
getspent_r
getspent
sgetspent
$LC1
$LC0
$LC2
putspent
__parsespent
$LC0
lckpwdf
ulckpwdf
__libc_current_sigrtmin
__libc_current_sigrtmax
__libc_allocate_rtsig
killpg
raise
sigaction
__libc_sigaction
sigaddset
sigandset
sigblock
sigdelset
sigemptyset
sigfillset
siggetmask
sighold
sigignore
siginterrupt
sigisemptyset
sigismember
__sigjmp_save
signal
bsd_signal
_sigintr
sigorset
__sigpause
sigpause
sigrelse
sigset
sigsetmask
__sigismember
__sigaddset
__sigdelset
sysv_signal
__sysv_signal
sigwait
fclose
fcloseall
fdopen
fgetpos
fopen
freopen
fseeko
fseek
fsetpos
ftello
ftell
getdelim
__getdelim
getline
gets
getw
$LC1
$LC0
perror
puts
putw
remove
rewind
setbuf
setbuffer
setlinebuf
setvbuf
ungetc
printf
vprintf
vsprintf
fprintf
snprintf
dprintf
asprintf
__asprintf
sprintf
vasprintf
vdprintf
vsnprintf
$LC0
$LC1
tmpfile64
tmpfile
tmpnam
tmpnam_r
$LC0
$LC1
$LC2
popen
pclose
tempnam
$LC0
ctermid
__stdio_READ
__stdio_WRITE
__stdio_adjust_position
_stdio_fopen
__stdio_fwrite
__stdio_rfill
_stdio_user_locking
_stdio_openlist_delflag
_stdio_openlist_lock
_stdio_openlist
__stdout
__stdin
stderr
stdout
stdin
__stdio_init_mutex
_stdio_term
_stdio_init
__stdio_trans2r_o
__stdio_trans2w_o
__stdio_wcommit
_cs_read
_cs_write
_cs_seek
_cs_close
_load_inttype
_store_inttype
_uintmaxtostr
$LC0
$LC1
$LC2
$LC3
$LC4
$LC5
_fpmaxtostr
__fbufsize
__flbf
__fpending
__fpurge
__freadable
__freading
__fsetlocking
__fwritable
__fwriting
_flushlbf
fopencookie
fmemopen
$LC0
open_memstream
flockfile
ftrylockfile
funlockfile
clearerr
feof
ferror
fflush
getc
fgetc
fgets
fileno
putc
fputc
fputs
fread
fwrite
getchar
putchar
getwc
fgetwc
getwchar
fgetws
putwc
fputwc
putwchar
fputws
_wstdio_fwrite
fwprintf
swprintf
vswprintf
vwprintf
wprintf
fwide
ungetwc
clearerr_unlocked
__clearerr_unlocked
feof_unlocked
__feof_unlocked
ferror_unlocked
__ferror_unlocked
fflush_unlocked
__fflush_unlocked
fgetc_unlocked
__fgetc_unlocked
getc_unlocked
fgets_unlocked
__fgets_unlocked
fileno_unlocked
__fileno_unlocked
fputc_unlocked
__fputc_unlocked
putc_unlocked
fputs_unlocked
__fputs_unlocked
fread_unlocked
__fread_unlocked
fwrite_unlocked
__fwrite_unlocked
getchar_unlocked
__getchar_unlocked
putchar_unlocked
__putchar_unlocked
fgetwc_unlocked
__fgetwc_unlocked
getwc_unlocked
getwchar_unlocked
__getwchar_unlocked
fgetws_unlocked
__fgetws_unlocked
fputwc_unlocked
__fputwc_unlocked
putwc_unlocked
putwchar_unlocked
__putwchar_unlocked
fputws_unlocked
__fputws_unlocked
$LC0
$LC1
vfprintf
_ppfs_init
_ppfs_prepargs
_ppfs_setargs
_custom_printf_spec
_ppfs_parsespec
_custom_printf_arginfo
_custom_printf_handler
register_printf_function
parse_printf_format
$LC0
$LC1
vfwprintf
vfscanf
__init_scan_cookie
__scan_getc
__scan_ungetc
__psfs_parse_spec
__psfs_do_numeric
scanf
sscanf
fscanf
vscanf
vsscanf
wscanf
swscanf
fwscanf
vwscanf
vswscanf
vfwscanf
fgetpos64
fopen64
freopen64
fseeko64
__fseeko64
fsetpos64
ftello64
__ftello64
abs
labs
atoi
atol
strtol
strtoul
_stdlib_strto_l
qsort
bsearch
imaxabs
llabs
atoll
strtoimax
strtoll
strtoq
strtoumax
strtoull
strtouq
_stdlib_strto_ll
atof
mblen
mbtowc
wctomb
mbstowcs
wcstombs
_stdlib_mb_cur_max
_stdlib_wcsto_l
_stdlib_wcsto_ll
wcstol
wcstoul
wcstoimax
wcstoll
wcstoq
wcstoumax
wcstoull
wcstouq
strtod
strtof
strtold
$LC0
$LC1
$LC2
$LC3
__strtofpmax
$LC0
__fp_range_check
wcstod
wcstof
wcstold
$LC0
$LC1
$LC2
$LC3
__wcstofpmax
atexit
on_exit
__exit_slots
__exit_function_table
__exit_count
__exit_handler
mylock
__exit_cleanup
exit
abort
getenv
mkdtemp
mktemp
realpath
mkstemp
mkstemp64
rand
srand
srandom
initstate
setstate
random
random_r
srandom_r
initstate_r
setstate_r
__add_to_environ
setenv
unsetenv
clearenv
putenv
$LC0
$LC1
$LC2
system
__libc_system
div
ldiv
imaxdiv
lldiv
$LC0
$LC1
_ptyname2
_ptyname1
__bsd_getpt
getpt
$LC0
ptsname_r
ptsname
grantpt
unlockpt
$LC0
gcvt
__drand48_iterate
__libc_drand48_data
jrand48
jrand48_r
lrand48
lrand48_r
mrand48
mrand48_r
nrand48
nrand48_r
rand_r
srand48
srand48_r
seed48
seed48_r
valloc
drand48
drand48_r
erand48
$LC0
erand48_r
__malloc_lock
malloc
__malloc_state
calloc
realloc
__malloc_consolidate
malloc_trim
free
memalign
mallopt
$LC0
$LC1
$LC2
$LC3
$LC4
$LC5
$LC6
$LC7
$LC8
mallinfo
malloc_stats
basename
bcopy
bzero
__bzero
dirname
ffs
memccpy
memchr
bcmp
memcmp
memcpy
memmove
mempcpy
__mempcpy
memrchr
memset
rawmemchr
stpcpy
stpncpy
strcasecmp
strcasestr
strcat
strchrnul
__strchrnul
index
strchr
strcoll
strcmp
strcpy
strcspn
strdup
strlen
strncasecmp
strncat
strncmp
strncpy
strndup
strnlen
strpbrk
rindex
strrchr
strsep
strspn
strstr
strtok
strtok_r
__strtok_r
strerror
__xpg_strerror_r
_string_syserrmsgs
__strerror_r
__glibc_strerror_r
_glibc_strerror_r
_string_syssigmsgs
strsignal
$LC0
$LC1
psignal
__xpg_basename
strlcat
strxfrm
strlcpy
memmem
wcscasecmp
wcscat
wcschrnul
__wcschrnul
wcschr
wcscoll
wcscmp
wcscpy
wcscspn
wcsdup
wcslen
wcsncasecmp
wcsncat
wcsncmp
wcsncpy
wcsnlen
wcspbrk
wcsrchr
wcsspn
wcswcs
wcsstr
wcstok
wmemchr
wmemcmp
wmemcpy
wmemmove
wmempcpy
wmemset
wcpcpy
wcpncpy
wcsxfrm
__wcslcpy
__rt_sigtimedwait
sigwaitinfo
sigtimedwait
__socketcall
fcntl
__libc_fcntl
fcntl64
__libc_fcntl64
__syscall_ipc
__syscall_rt_sigaction
_exit
access
acct
__adjtimex
adjtimex
ntp_adjtime
alarm
bdflush
capget
capset
chdir
chmod
chown
chroot
clock_getres
clock_gettime
clock_settime
close
__libc_close
__cmsg_nxthdr
creat64
create_module
delete_module
dup
dup2
epoll_create
epoll_ctl
epoll_wait
execve
fchdir
fchmod
fchown
fdatasync
flock
fork
__libc_fork
fstat
fstat64
fstatfs
fsync
__libc_fsync
ftruncate
ftruncate64
get_kernel_syms
getcwd
__getdents
__getdents64
$LC0
$LC1
get_current_dir_name
getdomainname
getdtablesize
getegid
geteuid
getgid
getgroups
gethostname
getitimer
getpagesize
__getpagesize
getpgid
__getpgid
getpgrp
getpid
__libc_getpid
__getpid
getppid
getpriority
getresgid
getresuid
getrlimit
getrlimit64
getrusage
getsid
gettimeofday
getuid
init_module
__syscall_ioctl
ioctl
ioperm
iopl
kill
klogctl
lchown
link
_llseek
__libc_lseek64
llseek
lseek64
longjmp
__libc_longjmp
_longjmp
siglongjmp
__libc_siglongjmp
lseek
__libc_lseek
lstat
lstat64
madvise
mincore
mkdir
mkfifo
mknod
mlock
mlockall
mmap
mmap64
__modify_ldt
modify_ldt
mount
mprotect
mremap
msync
__libc_msync
munlock
munlockall
munmap
nanosleep
__libc_nanosleep
nice
__cyg_profile_func_exit
__cyg_profile_func_enter
ntp_gettime
open
__libc_open
creat
open64
__libc_open64
pause
__libc_pause
personality
pipe
pivot_root
poll
posix_fadvise
posix_fadvise64
prctl
pread
__libc_pread
pread64
__libc_pread64
pwrite
__libc_pwrite
pwrite64
__libc_pwrite64
ptrace
query_module
quotactl
read
__libc_read
readlink
readv
reboot
rename
rmdir
sbrk
sched_get_priority_max
sched_get_priority_min
sched_getparam
sched_getscheduler
sched_rr_get_interval
sched_setparam
sched_setscheduler
sched_yield
select
_newselect
sendfile
sendfile64
setdomainname
setegid
seteuid
setfsgid
setfsuid
setgid
setgroups
sethostname
setitimer
setpgid
setpgrp
setpriority
setregid
setresgid
setresuid
setreuid
__setrlimit
setrlimit
setrlimit64
setsid
settimeofday
setuid
sigaltstack
__rt_sigpending
sigpending
__rt_sigprocmask
sigprocmask
__rt_sigsuspend
sigsuspend
stat
stat64
statfs
stime
swapoff
swapon
symlink
sync
sysctl
sysinfo
time
times
truncate
truncate64
ulimit
umask
umount
umount2
uname
unlink
uselib
ustat
utime
utimes
vfork
vhangup
wait
__libc_wait
wait3
wait4
waitpid
__libc_waitpid
write
__libc_write
__write
writev
setxattr
lsetxattr
fsetxattr
getxattr
lgetxattr
fgetxattr
listxattr
llistxattr
flistxattr
removexattr
lremovexattr
fremovexattr
__xstat_conv
__xstat64_conv
_setjmp
setjmp
__sigsetjmp
__clone
__thread_start
clone
syscall
__longjmp
__curbrk
brk
__sigsetjmp_aux
__syscall_error
_flush_cache
cacheflush
cachectl
sysmips
_test_and_set
tcdrain
__libc_tcdrain
tcflow
tcflush
tcsendbreak
tcsetpgrp
tcgetpgrp
isatty
cfgetospeed
cfgetispeed
cfsetospeed
cfsetispeed
cfmakeraw
cfsetspeed
tcgetattr
tcgetsid
tcsetattr
ttyname_r
ttyname
sleep
usleep
ualarm
$LC1
$LC0
getpass
sysconf
__sysconf
$LC0
$LC1
getlogin
getlogin_r
cuserid
fpathconf
confstr
pathconf
swab
$LC2
$LC3
endusershell
setusershell
getusershell
getsubopt
$LC0
$LC1
daemon
$LC0
$LC1
$LC2
$LC3
$LC4
$LC5
$LC6
$LC7
$LC8
$LC9
$LC10
optopt
opterr
optind
optarg
_getopt_internal
getopt
getopt_long
getopt_long_only
execl
execv
execle
execlp
$LC0
$LC1
execvp
__libc_stack_end
