__GI___longjmp
__longjmp
__GI_brk
__curbrk
brk
__sigsetjmp_aux
__GI_mmap
mmap
cacheflush
_flush_cache
cachectl
__syscall_pwrite.constprop.0
__syscall_pread.constprop.0
__libc_pread
pread
__libc_pread64
pread64
__libc_pwrite
pwrite
__libc_pwrite64
pwrite64
__libc_sigaction
__GI_sigaction
sigaction
sysmips
_test_and_set
readahead
posix_fadvise
posix_fadvise64
_setjmp
setjmp
__sigsetjmp
syscall
pipe
__GI_pipe
LOCALSZ
FRAMESZ
RAOFF
GPOFF
V0OFF
__syscall_error
LOCALSZ
FRAMESZ
GPOFF
__vfork
vfork
__GI_vfork
LOCALSZ
FRAMESZ
GPOFF
clone
__thread_start
__clone
__xstat_conv
__xstat32_conv
__xstat64_conv
writev
__GI_write
write
__libc_write
__libc_waitpid
__GI_waitpid
waitpid
waitid
__GI_wait4
wait4
wait3
__libc_wait
wait
vhangup
__GI_utimes
utimes
__evoke_link_warning_utime
__GI_utime
utime
__GI_unlink
unlink
__GI_uname
uname
umount2
umount
umask
ulimit
__GI_truncate
truncate
__GI_times
times
__GI_time
time
sysinfo
sysctl
sync
symlink
swapon
swapoff
stime
__libc_statfs
statfs
__GI_stat
stat
__GI_sigsuspend
sigsuspend
sigqueue
__GI_sigprocmask
sigprocmask
sigpending
sigaltstack
setuid
__GI_settimeofday
settimeofday
__GI_setsid
setsid
__GI_setrlimit
setrlimit
__GI_setreuid
setreuid
__GI_setresuid
setresuid
__GI_setresgid
setresgid
__GI_setregid
setregid
__GI_setpriority
setpriority
setpgrp
__GI_setpgid
setpgid
__GI_setitimer
setitimer
sethostname
__GI_setgroups
setgroups
setgid
setfsuid
setfsgid
__GI_seteuid
seteuid
setegid
setdomainname
sendfile
__syscall_select
__libc_select
__GI_select
select
sched_yield
sched_setscheduler
sched_setparam
__kernel_cpumask_size
sched_setaffinity
sched_rr_get_interval
sched_getscheduler
sched_getparam
sched_getaffinity
sched_get_priority_min
sched_get_priority_max
__sched_cpucount
__GI_sbrk
sbrk
__GI_rmdir
rmdir
rename
reboot
readv
__GI_readlink
readlink
__GI_read
read
__libc_read
quotactl
query_module
ptrace
pselect
prctl
__GI_poll
poll
pivot_root
personality
__libc_pause
pause
__GI_open
open
__libc_open
nice
__libc_nanosleep
__GI_nanosleep
nanosleep
__GI_munmap
munmap
munlockall
munlock
__libc_msync
msync
__GI_mremap
mremap
mprotect
mount
modify_ldt
mlockall
mlock
__GI_mknod
mknod
mkfifo
__GI_mkdir
mkdir
mincore
madvise
__GI_lstat
lstat
__GI_lseek
lseek
__libc_lseek
__libc_longjmp
_longjmp
__libc_siglongjmp
siglongjmp
longjmp
link
lchown
klogctl
__GI_kill
kill
iopl
ioperm
__GI_ioctl
ioctl
init_module
__GI_getuid
getuid
__GI_gettimeofday
gettimeofday
__GI_getsid
getsid
getrusage
__GI_getrlimit
getrlimit
getresuid
getresgid
__GI_getpriority
getpriority
getppid
__GI_getpid
getpid
getpgrp
__getpgid
getpgid
__getpagesize
__GI_getpagesize
getpagesize
getitimer
__GI_gethostname
gethostname
__GI_getgroups
getgroups
__GI_getgid
getgid
__GI_geteuid
geteuid
__GI_getegid
getegid
__GI_getdtablesize
getdtablesize
__GI_getdomainname
getdomainname
$LC0
$LC1
get_current_dir_name
__getdents
__GI_getcwd
getcwd
get_kernel_syms
__GI_ftruncate
ftruncate
__libc_fsync
fsync
__libc_fstatfs
fstatfs
__GI_fstat
fstat
__libc_fork
__GI_fork
fork
flock
fdatasync
fchown
fchmod
__GI_fchdir
fchdir
__GI_execve
execve
__GI_dup2
dup2
dup
delete_module
create_module
creat
__GI___cmsg_nxthdr
__cmsg_nxthdr
__GI_close
close
__libc_close
clock_settime
clock_gettime
__GI_clock_getres
clock_getres
chroot
__GI_chown
chown
__GI_chmod
chmod
__GI_chdir
chdir
capset
capget
bdflush
__GI_alarm
alarm
__GI_adjtimex
adjtimex
acct
access
__GI__exit
_exit
_Exit
__syscall_rt_sigaction
__GI___fcntl_nocancel
__fcntl_nocancel
__GI___libc_fcntl
__libc_fcntl
__GI_fcntl
fcntl
__socketcall
__sigwaitinfo
__GI_sigwaitinfo
sigwaitinfo
__sigtimedwait
__GI_sigtimedwait
sigtimedwait
__GI_lseek64
lseek64
__libc_lseek64
truncate64
__GI_stat64
stat64
setrlimit64
sendfile64
__GI_open64
open64
__libc_open64
mmap64
__GI_lstat64
lstat64
getrlimit64
__getdents64
__GI_ftruncate64
ftruncate64
__GI_fstat64
fstat64
creat64
__GI_fcntl64
fcntl64
in_assert
$LC1
$LC0
__GI___assert
__assert
__GI_isalnum
isalnum
__GI_isalpha
isalpha
__GI_iscntrl
iscntrl
__GI_isdigit
isdigit
__GI_isgraph
isgraph
__GI_islower
islower
__GI_isprint
isprint
__GI_ispunct
ispunct
__GI_isspace
isspace
__GI_isupper
isupper
__GI_isxdigit
isxdigit
__GI_tolower
tolower
__GI_toupper
toupper
__GI_isblank
isblank
__GI_isascii
isascii
toascii
__C_ctype_b_data
__GI___ctype_b
__ctype_b
__GI___C_ctype_b
__C_ctype_b
__C_ctype_tolower_data
__GI___ctype_tolower
__ctype_tolower
__GI___C_ctype_tolower
__C_ctype_tolower
__C_ctype_toupper_data
__GI___ctype_toupper
__ctype_toupper
__GI___C_ctype_toupper
__C_ctype_toupper
isctype
alphasort
__GI_closedir
closedir
__GI_dirfd
dirfd
fd_to_DIR
fdopendir
__GI_opendir
opendir
__GI_readdir
readdir
rewinddir
scandir
seekdir
telldir
__GI_readdir_r
readdir_r
versionsort
__GI_readdir64
readdir64
alphasort64
scandir64
__GI_readdir64_r
readdir64_r
versionsort64
vwarn_work
fmt.2863
__GI_vwarn
vwarn
warn
__GI_vwarnx
vwarnx
warnx
__GI_verr
verr
err
__GI_verrx
verrx
errx
old_line_number.2852
old_file_name.2851
$LC3
$LC1
$LC2
$LC0
__error
error_print_progname
error_message_count
error
__error_at_line
error_one_per_line
error_at_line
__GI_lockf64
lockf64
__GI_lockf
lockf
__GI_fnmatch
fnmatch
add_object
object_compare
process_entry
ftw_dir
ftw_startup
ftw_arr
nftw_arr
$LC0
$LC1
ftw
nftw
add_object
object_compare
process_entry
ftw_dir
ftw_startup
ftw_arr
nftw_arr
$LC0
$LC1
ftw64
nftw64
fts_lfree
fts_sort
fts_alloc
fts_palloc
fts_stat.isra.0
fts_safe_changedir.isra.0.part.0
fts_build
$LC0
$LC2
$LC1
fts_open
fts_close
fts_read
fts_set
fts_children
link_exists_p.isra.0
glob_in_dir
$LC0
$LC1
__collated_compare
__GI_glob_pattern_p
glob_pattern_p
__prefix_array
__GI_globfree
globfree
__GI_glob
glob
link_exists_p.isra.0
glob_in_dir
$LC0
$LC1
__GI_globfree64
globfree64
__GI_glob64
glob64
print_and_abort
__obstack_exit_failure
__obstack_alloc_failed_handler
$LC1
$LC0
_obstack_begin
_obstack_begin_1
_obstack_newchunk
_obstack_allocated_p
obstack_free
_obstack_memory_used
obstack_exit_failure
obstack_alloc_failed_handler
direxists.constprop.0
letters
value.4070
$LC3
$LC0
$LC2
$LC1
$LC4
$LC5
___path_search
__gen_tempname
__GI_h_errno
h_errno
_h_errno
__GI_errno
errno
_errno
__GI___errno_location
__errno_location
__GI___h_errno_location
__h_errno_location
$LC0
__GI_config_open
__GI_config_close
__GI_config_read
C_string
$LC0
setlocale
decpt
the_lconv
__GI_localeconv
localeconv
nl_data
__GI_nl_langinfo
nl_langinfo
sep.2849
mylock
buff.2861
mnt.2862
$LC1
$LC0
__GI_getmntent_r
getmntent_r
getmntent
addmntent
hasmntopt
__GI_setmntent
setmntent
__GI_endmntent
endmntent
byte_insert_op1
byte_compile_range
byte_common_op_match_null_string_p
byte_group_match_null_string_p
byte_alt_match_null_string_p
byte_re_compile_fastmap
re_syntax_table
byte_re_match_2_internal
byte_reg_unset_dummy
byte_re_search_2
byte_regex_compile
done.4285
re_error_msgid_idx
re_error_msgid
re_comp_buf
$LC1
$LC0
$LC2
re_max_failures
re_set_syntax
re_syntax_options
__GI_re_compile_fastmap
re_compile_fastmap
re_set_registers
__GI_re_search
re_search
__GI_re_search_2
re_search_2
re_match
re_match_2
re_compile_pattern
re_comp
re_exec
regcomp
__GI_regexec
regexec
regerror
__GI_regfree
regfree
htab
hsearch
hcreate
hdestroy
__GI_tsearch
tsearch
__GI_tfind
tfind
tdelete
trecurse
twalk
tdestroy_recurse
__GI_tdestroy
tdestroy
__GI_lfind
lfind
lsearch
insque
remque
__GI_hcreate_r
hcreate_r
__GI_hdestroy_r
hdestroy_r
__GI_hsearch_r
hsearch_r
$LC5
$LC6
$LC7
$LC8
$LC9
$LC10
$LC1
$LC0
$LC2
$LC11
$LC3
$LC4
__GI_statvfs
statvfs
$LC5
$LC6
$LC7
$LC8
$LC9
$LC10
$LC1
$LC0
$LC2
$LC11
$LC3
$LC4
__GI_fstatvfs
fstatvfs
__GI_fstatfs64
fstatfs64
__GI_statfs64
statfs64
$LC5
$LC6
$LC7
$LC8
$LC9
$LC10
$LC1
$LC0
$LC2
$LC11
$LC3
$LC4
statvfs64
$LC5
$LC6
$LC7
$LC8
$LC9
$LC10
$LC1
$LC0
$LC2
$LC11
$LC3
$LC4
fstatvfs64
openlog_intern
LogTag
LogStat
LogFile
LogFacility
connected
SyslogAddr
__GI_vsyslog.part.0
mylock
LogMask
truncate_msg.4974
$LC5
$LC0
$LC1
$LC3
$LC4
$LC2
__GI_openlog
openlog
__GI_vsyslog
vsyslog
__GI_syslog
syslog
__GI_closelog
closelog
setlogmask
ftok
__syscall_ipc
semget
semctl
semop
semtimedop
shmat
shmctl
shmdt
shmget
msgctl
msgget
msgrcv
msgsnd
adjtime
ftime
__time_str
__GI_asctime
asctime
at_data
__GI_asctime_r
asctime_r
clock
__GI_ctime
ctime
ctime_r
gmtime
gmtime_r
__GI_localtime
localtime
__GI_localtime_r
localtime_r
mktime
timelocal
load_field
spec
$LC0
strftime
spec
strptime
getoffset
vals
oldval.4626
$LC0
_time_tzset
_time_tzlock
_time_tzinfo
tzname
daylight
timezone
__GI_tzset
tzset
_vals
days
utc_string
_time_t2tm
__time_tm
_time_mktime
dysize
$LC0
timegm
__vals
_time_mktime_tzi
day_cor
__time_localtime_tzi
ll_tzname_UTC
ll_tzname_UNKNOWN
difftime
wcsftime
skip
zapchar
tf
line.2984
tty
$LC4
$LC5
$LC1
$LC0
$LC2
$LC3
__GI_setttyent
setttyent
__GI_getttyent
getttyent
__GI_endttyent
endttyent
getttynam
__setutent
static_fd
static_ut_name
__getutent
static_utmp
__getutid
utmplock
default_file_name
__GI_setutent
setutent
__GI_getutent
getutent
__GI_endutent
endutent
__GI_getutid
getutid
__GI_getutline
getutline
__GI_pututline
pututline
__GI_utmpname
utmpname
__GI_updwtmp
updwtmp
__GI_btowc
btowc
wctob
__GI_mbsinit
mbsinit
mbstate.3044
__GI_mbrlen
mbrlen
mbstate.3045
__GI_mbrtowc
mbrtowc
__GI_wcrtomb
wcrtomb
mbstate.3045
__GI_mbsrtowcs
mbsrtowcs
__GI_wcsrtombs
wcsrtombs
mbstate.3046
__GI_mbsnrtowcs
mbsnrtowcs
__GI_wcsnrtombs
wcsnrtombs
wcwidth
__GI_wcswidth
wcswidth
__GI_iswalnum
iswalnum
iswalpha
iswcntrl
iswdigit
iswgraph
__GI_iswlower
iswlower
iswprint
iswpunct
__GI_iswspace
iswspace
__GI_iswupper
iswupper
iswxdigit
iswblank
transstring
__GI_wctrans
wctrans
__GI_towctrans
towctrans
typestring
__GI_wctype
wctype
desc2flag
__GI_iswctype
iswctype
__GI_towlower
towlower
__GI_towupper
towupper
w_addchar
parse_backslash
parse_qtd_backslash
w_addmem
exec_comm_child
w_addstr
w_addword
exec_comm
parse_backtick
parse_tilde
eval_expr_multdiv
eval_expr_val
eval_expr
parse_arith
parse_dollars
$LC14
$LC4
$LC12
$LC13
$LC7
$LC10
$LC11
$LC8
$LC9
$LC3
$LC0
$LC6
$LC5
$LC1
$LC2
__libc_argc
__libc_argv
__GI_wordfree
wordfree
wordexp
$LC0
putpwent
format.3117
$LC0
putgrent
initgroups
$LC1
$LC0
__GI_getpwuid_r
getpwuid_r
buffer.3116
resultbuf.3117
getpwuid
$LC1
$LC0
__GI_getpwnam_r
getpwnam_r
buffer.3116
resultbuf.3117
getpwnam
mylock
pwf
$LC1
$LC0
setpwent
endpwent
__GI_getpwent_r
getpwent_r
line_buff.3116
pwd.3117
getpwent
$LC0
getpw
getgrouplist
$LC1
$LC0
__GI_getgrnam_r
getgrnam_r
buffer.3116
resultbuf.3117
getgrnam
$LC1
$LC0
__GI_getgrgid_r
getgrgid_r
buffer.3116
resultbuf.3117
getgrgid
mylock
grf
$LC1
$LC0
setgrent
endgrent
__GI_getgrent_r
getgrent_r
line_buff.3116
gr.3117
getgrent
__GI_fgetpwent_r
fgetpwent_r
buffer.3116
resultbuf.3117
fgetpwent
__GI_fgetgrent_r
fgetgrent_r
buffer.3116
resultbuf.3117
fgetgrent
__pgsreader
pw_off
__parsepwent
__parsegrent
$LC1
$LC0
__getgrouplist_internal
__GI_fclose
fclose
fcloseall
__GI_fdopen
fdopen
fgetpos
__GI_fopen
fopen
freopen
__GI_fseek
fseek
fseeko
fsetpos
__GI_ftell
ftell
ftello
__GI_getdelim
getdelim
__GI_getline
getline
__evoke_link_warning_gets
gets
getw
$LC1
$LC0
__GI_perror
perror
puts
putw
__GI_remove
remove
__GI_rewind
rewind
setbuf
setbuffer
setlinebuf
__GI_setvbuf
setvbuf
__GI_ungetc
ungetc
__GI_printf
printf
vprintf
vsprintf
__GI_fprintf
fprintf
__GI_snprintf
snprintf
dprintf
__GI_asprintf
asprintf
__GI_sprintf
sprintf
__GI_vasprintf
vasprintf
__GI_vdprintf
vdprintf
__GI_vsnprintf
vsnprintf
$LC0
$LC1
tmpfile
tmpfile64
popen_list
$LC2
$LC1
$LC0
popen
pclose
sbuf.4790
$LC0
ctermid
fgetpos64
__GI_fopen64
fopen64
freopen64
__GI_fseeko64
fseeko64
fsetpos64
__GI_ftello64
ftello64
tmpnam_buffer
__evoke_link_warning_tmpnam
tmpnam
__evoke_link_warning_tmpnam_r
tmpnam_r
__evoke_link_warning_tempnam
tempnam
__stdio_READ
__stdio_WRITE
__stdio_adjust_position
_stdio_fopen
__stdio_fwrite
__stdio_rfill
__stdio_mutex_initializer.4803
_stdio_streams
_fixed_buffers
__stdio_init_mutex
_stdio_term
_stdio_openlist_add_lock
_stdio_openlist_del_lock
_stdio_openlist
_stdio_init
_stdio_user_locking
_stdio_openlist_del_count
_stdio_openlist_use_count
__stdout
__stdin
stderr
stdout
stdin
__stdio_trans2r_o
__stdio_trans2w_o
__stdio_wcommit
_cs_read
_cs_write
_cs_seek
_cs_close
_load_inttype
_store_inttype
_uintmaxtostr
fmt
exp10_table
exp16_table
$LC4
$LC2
$LC5
$LC3
$LC1
$LC0
_fpmaxtostr
__fbufsize
__flbf
__evoke_link_warning___fpending
__fpending
__fpurge
__freadable
__freading
__GI___fsetlocking
__fsetlocking
__fwritable
__fwriting
_flushlbf
__GI_fopencookie
fopencookie
fmo_seek
fmo_close
fmo_read
fmo_write
_fmo_io_funcs
fmemopen
oms_close
oms_seek
oms_write
_oms_io_funcs
$LC0
__GI_open_memstream
open_memstream
flockfile
ftrylockfile
funlockfile
__GI_vfprintf
vfprintf
_charpad
_fp_out_narrow
prefix.5011
spec_base.5010
$LC1
$LC0
_vfprintf_internal
_ppfs_init
_ppfs_prepargs
_ppfs_setargs
spec_flags.5015
qual_chars.5020
spec_chars.5016
spec_ranges.5017
spec_or_mask.5018
spec_and_mask.5019
type_codes
type_sizes
_bss_custom_printf_spec
_ppfs_parsespec
_custom_printf_spec
_custom_printf_arginfo
_custom_printf_handler
register_printf_function
parse_printf_format
sc_getc
scan_getwc
__GI_vfscanf
vfscanf
decpt_str
__init_scan_cookie
__scan_getc
__scan_ungetc
qual_chars
spec_chars
spec_ranges
spec_allowed
spec_flags
__psfs_parse_spec
spec_base
nil_string
nan_inf_str.5201
__psfs_do_numeric
scanf
__GI_sscanf
sscanf
__GI_fscanf
fscanf
vscanf
__GI_vsscanf
vsscanf
_wstdio_fwrite
fwprintf
swprintf
__GI_vswprintf
vswprintf
vwprintf
wprintf
fwide
__GI_ungetwc
ungetwc
__GI_vfwprintf
vfwprintf
_charpad
_fp_out_wide
invalid_wcs.5017
prefix.5048
spec_base.5047
$LC1
$LC0
_vfwprintf_internal
wscanf
swscanf
fwscanf
vwscanf
__GI_vswscanf
vswscanf
sc_getc
scan_getwc
$LC0
__GI_vfwscanf
vfwscanf
clearerr
feof
ferror
__GI_fflush
fflush
__GI_fgetc
fgetc
getc
__GI_fgets
fgets
__GI_fileno
fileno
__GI_fputc
fputc
__GI_putc
putc
__GI_fputs
fputs
__GI_fread
fread
__GI_fwrite
fwrite
getchar
putchar
__GI_fgetwc
fgetwc
getwc
getwchar
fgetws
fputwc
putwc
putwchar
__GI_fputws
fputws
clearerr_unlocked
feof_unlocked
ferror_unlocked
_stdio_openlist_dec_use
__GI_fflush_unlocked
fflush_unlocked
__GI___fgetc_unlocked
__fgetc_unlocked
__GI_getc_unlocked
getc_unlocked
__GI_fgetc_unlocked
fgetc_unlocked
__GI_fgets_unlocked
fgets_unlocked
__GI_fileno_unlocked
fileno_unlocked
__GI___fputc_unlocked
__fputc_unlocked
__GI_putc_unlocked
putc_unlocked
__GI_fputc_unlocked
fputc_unlocked
__GI_fputs_unlocked
fputs_unlocked
__GI_fread_unlocked
fread_unlocked
__GI_fwrite_unlocked
fwrite_unlocked
__GI_getchar_unlocked
getchar_unlocked
putchar_unlocked
__GI_fgetwc_unlocked
fgetwc_unlocked
getwc_unlocked
getwchar_unlocked
__GI_fgetws_unlocked
fgetws_unlocked
__GI_fputwc_unlocked
fputwc_unlocked
putwc_unlocked
putwchar_unlocked
__GI_fputws_unlocked
fputws_unlocked
memset
__GI_memset
memcpy
__GI_memcpy
__GI_strtok_r
strtok_r
__GI_strstr
strstr
__GI_strspn
strspn
__GI_strsep
strsep
__GI_strrchr
strrchr
rindex
__GI_strnlen
strnlen
__GI_strncpy
strncpy
__GI_strncmp
strncmp
__GI_strncat
strncat
__GI_strlen
strlen
__GI_strcspn
strcspn
__GI_strcpy
strcpy
__GI_strcmp
strcmp
__GI_strcoll
strcoll
__GI_strchrnul
strchrnul
__GI_strchr
strchr
index
__GI_strcat
strcat
__GI_rawmemchr
rawmemchr
__GI_memrchr
memrchr
__GI_mempcpy
mempcpy
__GI_memmove
memmove
memmem
memcmp_bytes
__GI_memcmp
memcmp
bcmp
__GI_memchr
memchr
next_state.1469
result_type.1470
__GI_strverscmp
strverscmp
next_start.1225
__GI_strtok
strtok
sstridx
buf.1773
unknown.1774
__GI_strsignal
strsignal
__GI_strpbrk
strpbrk
__GI_strndup
strndup
__GI_strncasecmp
strncasecmp
__GI_strlcpy
strlcpy
strxfrm
__GI_strlcat
strlcat
buf.1234
__GI_strerror
strerror
__GI_strdup
strdup
__GI_strcasestr
strcasestr
__GI_strcasecmp
strcasecmp
stpncpy
__GI_stpcpy
stpcpy
$LC1
$LC0
psignal
__GI_memccpy
memccpy
ffsll
__GI_ffs
ffs
ffsl
null_or_empty_or_noslash.1228
dirname
bzero
bcopy
__GI_basename
basename
_string_syssigmsgs
_string_syserrmsgs
estridx
unknown.1248
__GI___xpg_strerror_r
__xpg_strerror_r
strerror_r
null_or_empty.1228
__xpg_basename
__GI___glibc_strerror_r
__glibc_strerror_r
wmemset
__GI_wmempcpy
wmempcpy
wmemmove
__GI_wmemcpy
wmemcpy
wmemcmp
__GI_wmemchr
wmemchr
wcstok
wcsstr
wcswcs
__GI_wcsspn
wcsspn
wcsrchr
__GI_wcspbrk
wcspbrk
__GI_wcsnlen
wcsnlen
wcsncpy
wcsncmp
wcsncat
wcsncasecmp
__GI_wcslen
wcslen
__wcslcpy
wcsxfrm
wcsdup
wcscspn
wcscpy
__GI_wcscmp
wcscmp
__GI_wcscoll
wcscoll
wcschrnul
wcschr
__GI_wcscat
wcscat
wcscasecmp
wcpncpy
wcpcpy
dirlist
name.2524
__GI_ttyname_r
ttyname_r
ttyname
tcsetpgrp
__GI_tcsetattr
tcsetattr
tcsendbreak
tiocgsid_does_not_work.2157
tcgetsid
__GI_tcgetpgrp
tcgetpgrp
__GI_tcgetattr
tcgetattr
tcflush
tcflow
__libc_tcdrain
tcdrain
cfgetospeed
cfgetispeed
__GI_cfsetospeed
cfsetospeed
__GI_cfsetispeed
cfsetispeed
__GI_isatty
isatty
speeds
cfsetspeed
cfmakeraw
__GI_ntohl
ntohl
__GI_ntohs
ntohs
__GI_htonl
htonl
__GI_htons
htons
__initbuf
servbuf
mylock
servp
serv_stayopen
serve
$LC1
$LC0
__GI_setservent
setservent
__GI_endservent
endservent
__GI_getservent_r
getservent_r
getservent
__GI_getservbyname_r
getservbyname_r
getservbyname
__GI_getservbyport_r
getservbyport_r
__GI_getservbyport
getservbyport
__initbuf
protobuf
mylock
protop
proto_stayopen
protoe
$LC1
$LC0
__GI_setprotoent
setprotoent
__GI_endprotoent
endprotoent
__GI_getprotoent_r
getprotoent_r
getprotoent
__GI_getprotobyname_r
getprotobyname_r
getprotobyname
__GI_getprotobynumber_r
getprotobynumber_r
getprotobynumber
__initbuf
netbuf
mylock
netp
net_stayopen
nete
$LC1
$LC0
__GI_setnetent
setnetent
__GI_endnetent
endnetent
__GI_getnetent_r
getnetent_r
getnetent
__GI_getnetbyname_r
getnetbyname_r
getnetbyname
__GI_getnetbyaddr_r
getnetbyaddr_r
getnetbyaddr
$LC0
sethostid
gethostid
__GI_inet_network
inet_network
colon_space.3267
h_errlist
error_msg
$LC0
__GI_herror
herror
hstrerror
__GI_if_nametoindex
if_nametoindex
__GI_if_freenameindex
if_freenameindex
__GI_if_nameindex
if_nameindex
if_indextoname
values
$LC0
gai_strerror
__check_pf
gaih_inet_serv.isra.0
gaih_inet
gaih_inet_typeproto
gaih
__GI_freeaddrinfo
freeaddrinfo
__GI_getaddrinfo
getaddrinfo
__netlink_sendreq
map_newlink
buf_size.4447
__netlink_free_handle
__netlink_request
__netlink_close
__netlink_open
__GI_getifaddrs
getifaddrs
__GI_freeifaddrs
freeifaddrs
inet_ntop4
inet_pton4
xdigits.3464
$LC0
__GI_inet_ntop
inet_ntop
__GI_inet_pton
inet_pton
__GI_in6addr_loopback
in6addr_loopback
in6addr_any
__GI_inet_aton
inet_aton
__GI_inet_makeaddr
inet_makeaddr
buf.3058
__GI_inet_ntoa_r
inet_ntoa_r
__GI_inet_ntoa
inet_ntoa
__GI_inet_addr
inet_addr
inet_lnaof
__GI_inet_netof
inet_netof
__encode_header
__decode_header
__encode_dotted
__decode_dotted
__encode_question
__encode_answer
$LC0
$LC1
__open_etc_hosts
__read_etc_hosts_r
last_id.5966
last_ns_num.5965
__dns_lookup
skip_nospace
skip_and_NUL_space
resolv_conf_mtime.5968
$LC0
$LC6
$LC7
$LC2
$LC3
$LC4
$LC5
$LC1
__open_nameservers
__res_sync
__nameservers
__resolv_timeout
__resolv_attempts
__nameserver
__local_nameserver
__searchdomains
__searchdomain
__resolv_lock
__close_nameservers
$LC2
$LC4
$LC3
$LC1
$LC0
__GI_getnameinfo
getnameinfo
buf.5947
hoste.5946
gethostent
hostp
host_stayopen
mylock
endhostent_unlocked
endhostent
sethostent
__GI_gethostent_r
gethostent_r
__get_hosts_byaddr_r
__get_hosts_byname_r
__evoke_link_warning_gethostbyaddr_r
$LC0
$LC2
$LC1
__GI_gethostbyaddr_r
gethostbyaddr_r
__evoke_link_warning_gethostbyname_r
__GI_gethostbyname_r
gethostbyname_r
__GI_gethostbyname2_r
gethostbyname2_r
buf.5949
hoste.5948
__evoke_link_warning_gethostbyaddr
__GI_gethostbyaddr
gethostbyaddr
__evoke_link_warning_gethostbyname
__GI_gethostbyname
gethostbyname
buf.5948
hoste.5947
__GI_gethostbyname2
gethostbyname2
__ns_get16
__ns_get32
__ns_put16
__ns_put32
_ns_flagdata
__GI___ns_skiprr
__ns_skiprr
__ns_initparse
__ns_parserr
ns_msg_getflag
__res_mkquery
res_sync_func
__res_vinit
__res_iclose
__GI___res_init
__res_init
__res_nclose
__res_close
__res_ninit
__resp
_res
$LC0
__GI___res_query
__res_query
__GI___res_querydomain
__res_querydomain
__res_search
__GI___dn_expand
__dn_expand
__GI___dn_comp
__dn_comp
labellen
digits.6016
$LC0
__GI___ns_name_ntop
__ns_name_ntop
__GI___ns_name_pton
__ns_name_pton
__GI___ns_name_unpack
__ns_name_unpack
__GI___ns_name_uncompress
__ns_name_uncompress
__GI___ns_name_pack
__ns_name_pack
__GI___ns_name_compress
__ns_name_compress
__GI___ns_name_skip
__ns_name_skip
__GI___dn_skipname
__dn_skipname
__res_state
__libc_accept
__GI_accept
accept
__GI_bind
bind
__libc_connect
__GI_connect
connect
getpeername
__GI_getsockname
getsockname
getsockopt
__GI_listen
listen
__libc_recv
__GI_recv
recv
__sys_recvfrom
__libc_recvfrom
__GI_recvfrom
recvfrom
__libc_recvmsg
__GI_recvmsg
recvmsg
__libc_send
__GI_send
send
__libc_sendmsg
__GI_sendmsg
sendmsg
__sys_sendto
__libc_sendto
__GI_sendto
sendto
__GI_setsockopt
setsockopt
shutdown
__GI_socket
socket
socketpair
accept4
__opensock
__ether_line.part.0
__ether_line_w
$LC1
$LC0
ether_line
ether_ntohost
ether_hostton
result.3040
asc.3050
$LC0
__GI_ether_aton_r
ether_aton_r
ether_aton
__GI_ether_ntoa_r
ether_ntoa_r
ether_ntoa
current_rtmin
current_rtmax
__libc_current_sigrtmin
__libc_current_sigrtmax
__libc_allocate_rtsig
killpg
__GI_raise
raise
__GI_sigaddset
sigaddset
sigandset
__GI_sigblock
sigblock
__GI_sigdelset
sigdelset
__GI_sigemptyset
sigemptyset
__GI_sigfillset
sigfillset
__evoke_link_warning_siggetmask
siggetmask
sigisemptyset
sigismember
__sigjmp_save
__GI_signal
_sigintr
signal
bsd_signal
sigorset
__GI_sigsetmask
sigsetmask
__GI___sigismember
__sigismember
__GI___sigaddset
__sigaddset
__GI___sigdelset
__sigdelset
sigwait
siginterrupt
__GI___sigpause
__sigpause
sigpause
__malloc_largebin_index
malloc
__malloc_lock
__malloc_state
calloc
realloc
__malloc_trim.constprop.0
__malloc_consolidate
malloc_trim
free
memalign
mallopt
$LC0
__GI_mallinfo
mallinfo
malloc_stats
mylock
been_there_done_that
__GI_abort
abort
__GI_getenv
getenv
mkdtemp
__GI_realpath
realpath
canonicalize_file_name
mkstemp
rand
mylock
unsafe_state
randtbl
srandom
srand
initstate
setstate
__GI_random
random
random_poly_info
__GI_random_r
random_r
__GI_srandom_r
srandom_r
__GI_initstate_r
initstate_r
__GI_setstate_r
setstate_r
__add_to_environ
mylock
last_environ
__GI_setenv
setenv
__GI_unsetenv
unsetenv
clearenv
putenv
div
ldiv
lldiv
imaxdiv
_state.2779
$LC1
$LC0
__bsd_getpt
__libc_ptyname1
__libc_ptyname2
__GI_posix_openpt
posix_openpt
getpt
__drand48_iterate
__libc_drand48_data
jrand48
__GI_jrand48_r
jrand48_r
lrand48
__GI_lrand48_r
lrand48_r
mrand48
mrand48_r
nrand48
__GI_nrand48_r
nrand48_r
rand_r
srand48
__GI_srand48_r
srand48_r
seed48
__GI_seed48_r
seed48_r
pagesize
valloc
a64l_table
a64l
result.1595
conv_table
l64a
__GI___uc_malloc
__GI___uc_malloc_failed
__uc_malloc
__uc_malloc_failed
posix_memalign
grantpt
unlockpt
devpts.3969
buffer.3977
$LC0
__GI_ptsname_r
ptsname_r
ptsname
mkstemp64
drand48
drand48_r
erand48
$LC0
__GI_erand48_r
erand48_r
$LC0
gcvt
__evoke_link_warning_mktemp
mktemp
labs
abs
atol
__GI_atoi
atoi
__GI_strtol
strtol
__GI_strtoul
strtoul
_stdlib_strto_l
__GI_qsort
qsort
__GI_qsort_r
qsort_r
bsearch
llabs
imaxabs
atoll
__GI_strtoll
strtoll
strtoq
strtoimax
strtoull
strtouq
strtoumax
_stdlib_strto_ll
atof
state.3054
mblen
state.3055
mbtowc
wctomb
mbstowcs
wcstombs
__GI__stdlib_mb_cur_max
_stdlib_mb_cur_max
_stdlib_wcsto_l
_stdlib_wcsto_ll
wcstol
wcstoul
wcstoll
wcstoq
wcstoimax
wcstoull
wcstouq
wcstoumax
__GI_strtod
strtod
__GI_strtof
strtof
strtold
nan_inf_str.2504
$LC0
$LC1
$LC2
$LC3
__strtofpmax
$LC0
__fp_range_check
wcstod
__GI_wcstof
wcstof
wcstold
nan_inf_str.2504
$LC0
$LC1
$LC2
$LC3
__wcstofpmax
__GI___cxa_atexit
__cxa_atexit
__cxa_finalize
__exit_handler
__exit_function_table
__exit_count
__new_exitfn
__exit_slots
__GI_exit
__atexit_lock
__exit_cleanup
exit
on_exit
old_atexit
atexit
usleep
shellp
shellb
shells
defaultsh
$LC0
$LC1
__GI_endusershell
endusershell
__GI_setusershell
setusershell
getusershell
ualarm
nprocessors_onln
$LC5
$LC0
$LC2
$LC3
$LC1
__GI_sysconf
sysconf
swab
__GI_sleep
sleep
pathconf
getsubopt
buf.3279
$LC1
$LC0
getpass
exchange.constprop.0
getopt_data
$LC0
$LC2
$LC7
$LC3
$LC4
$LC5
$LC6
$LC11
$LC1
$LC8
$LC9
$LC10
_getopt_internal
opterr
optind
optarg
optopt
__GI_getopt
getopt
getopt_long
getopt_long_only
$LC0
$LC1
__GI_getlogin
getlogin
getlogin_r
cuserid
fpathconf
default_path
$LC0
$LC1
__GI_execvp
execvp
__GI_execv
execv
__GI_execlp
execlp
__GI_execle
execle
__GI_execl
execl
$LC0
$LC1
daemon
cs_path.2241
$LC0
confstr
pthread_attr_destroy
__libc_pthread_functions
pthread_attr_init
pthread_attr_getdetachstate
pthread_attr_setdetachstate
pthread_attr_getinheritsched
pthread_attr_setinheritsched
pthread_attr_getschedparam
pthread_attr_setschedparam
pthread_attr_getschedpolicy
pthread_attr_setschedpolicy
pthread_attr_getscope
pthread_attr_setscope
pthread_condattr_destroy
pthread_condattr_init
pthread_cond_broadcast
pthread_cond_destroy
pthread_cond_init
pthread_cond_signal
pthread_cond_wait
pthread_cond_timedwait
pthread_equal
__pthread_exit
pthread_exit
pthread_getschedparam
pthread_setschedparam
pthread_mutex_destroy
pthread_mutex_init
__pthread_mutex_init
pthread_mutex_lock
__pthread_mutex_lock
pthread_mutex_trylock
__pthread_mutex_trylock
pthread_mutex_unlock
__pthread_mutex_unlock
pthread_self
pthread_setcancelstate
pthread_setcanceltype
_pthread_cleanup_push
_pthread_cleanup_push_defer
_pthread_cleanup_pop
_pthread_cleanup_pop_restore
__libc_pthread_init
__libc_multiple_threads
__GI___dl_iterate_phdr
__dl_iterate_phdr
dl_iterate_phdr
__check_one_fd
$LC0
__GI___uClibc_init
__pagesize
__uClibc_init
__GI___uClibc_fini
__app_fini
__rtld_fini
__uClibc_fini
__uClibc_main
__environ
__uclibc_progname
program_invocation_name
program_invocation_short_name
environ
__progname_full
__progname
$LC2
$LC1
$LC0
__libc_system
system
